******************************************************************************
                  TI ARM Linker PC v18.12.6                    
******************************************************************************
>> Linked Mon Jul 27 16:40:21 2020

OUTPUT FILE NAME:   <MSP432-Threads.out>
ENTRY POINT SYMBOL: "_c_int00_noargs"  address: 000005c5


MEMORY CONFIGURATION

         name            origin    length      used     unused   attr    fill
----------------------  --------  ---------  --------  --------  ----  --------
  MAIN                  00000000   00040000  0000072a  0003f8d6  R  X
  INFO                  00200000   00004000  00000000  00004000  R  X
  SRAM_CODE             01000000   00010000  0000103c  0000efc4  RW X
  SRAM_DATA             20000000   00010000  0000103c  0000efc4  RW  


SEGMENT ALLOCATION MAP

run origin  load origin   length   init length attrs members
----------  ----------- ---------- ----------- ----- -------
00000000    00000000    00000730   00000730    r-x
  00000000    00000000    000000e4   000000e4    r-- .intvecs
  000000e4    000000e4    0000060e   0000060e    r-x .text
  000006f8    000006f8    00000038   00000038    r-- .cinit
20000000    20000000    00000e3c   00000000    rw-
  20000000    20000000    00000e30   00000000    rw- .bss
  20000e30    20000e30    0000000c   00000000    rw- .data
2000fe00    2000fe00    00000200   00000000    rw-
  2000fe00    2000fe00    00000200   00000000    rw- .stack


SECTION ALLOCATION MAP

 output                                  attributes/
section   page    origin      length       input sections
--------  ----  ----------  ----------   ----------------
.intvecs   0    00000000    000000e4     
                  00000000    000000e4     startup_msp432p401r_ccs.obj (.intvecs:retain)

.text      0    000000e4    0000060e     
                  000000e4    00000130     OS.obj (.text:SetInitialStack)
                  00000214    0000009c     rtsv7M4_T_le_v4SPD16_eabi.lib : memcpy_t2.asm.obj (.text)
                  000002b0    00000080     OS.obj (.text:OS_AddThreads)
                  00000330    0000007a     rtsv7M4_T_le_v4SPD16_eabi.lib : memset_t2.asm.obj (.text)
                  000003aa    00000002     startup_msp432p401r_ccs.obj (.text:Default_Handler)
                  000003ac    00000078     system_msp432p401r.obj (.text:SystemInit)
                  00000424    00000074     Kernel.obj (.text:GPIO_Init)
                  00000498    00000068     rtsv7M4_T_le_v4SPD16_eabi.lib : copy_decompress_lzss.c.obj (.text:decompress:lzss:__TI_decompress_lzss)
                  00000500    0000004c     OSasm.obj (.text)
                  0000054c    00000044     rtsv7M4_T_le_v4SPD16_eabi.lib : autoinit.c.obj (.text:__TI_auto_init_nobinit_nopinit:__TI_auto_init_nobinit_nopinit)
                  00000590    00000034     ThreadLocks.obj (.text)
                  000005c4    00000034     rtsv7M4_T_le_v4SPD16_eabi.lib : boot_cortex_m.c.obj (.text:_c_int00_noargs:_c_int00_noargs)
                  000005f8    00000030     Kernel.obj (.text:main)
                  00000628    0000002c     OS.obj (.text:OS_Init)
                  00000654    00000024     OS.obj (.text:OS_Launch)
                  00000678    0000001c     Threads.obj (.text:Thread0)
                  00000694    0000001c     Threads.obj (.text:Thread1)
                  000006b0    0000000e     rtsv7M4_T_le_v4SPD16_eabi.lib : copy_decompress_none.c.obj (.text:decompress:none:__TI_decompress_none)
                  000006be    0000000c     startup_msp432p401r_ccs.obj (.text:Reset_Handler)
                  000006ca    0000000c     rtsv7M4_T_le_v4SPD16_eabi.lib : copy_zero_init.c.obj (.text:decompress:ZI:__TI_zero_init)
                  000006d6    0000000a     OS.obj (.text:StartCritical)
                  000006e0    00000008     OS.obj (.text:EndCritical)
                  000006e8    00000004     rtsv7M4_T_le_v4SPD16_eabi.lib : pre_init.c.obj (.text:_system_pre_init)
                  000006ec    00000004                                   : exit.c.obj (.text:abort:abort)
                  000006f0    00000002     Threads.obj (.text:Thread2)

.cinit     0    000006f8    00000038     
                  000006f8    0000000f     (.cinit..data.load) [load image, compression = lzss]
                  00000707    00000001     --HOLE-- [fill = 0]
                  00000708    0000000c     (__TI_handler_table)
                  00000714    00000004     --HOLE-- [fill = 0]
                  00000718    00000008     (.cinit..bss.load) [load image, compression = zero_init]
                  00000720    00000010     (__TI_cinit_table)

.init_array 
*          0    00000000    00000000     UNINITIALIZED

.binit     0    00000000    00000000     

.bss       0    20000000    00000e30     UNINITIALIZED
                  20000000    00000e10     OS.obj (.bss:Stacks)
                  20000e10    00000018     OS.obj (.bss:tcbs)
                  20000e28    00000004     (.common:RGB_Lock)
                  20000e2c    00000004     (.common:RunPt)

.data      0    20000e30    0000000c     UNINITIALIZED
                  20000e30    0000000c     OS.obj (.data:threads)

.stack     0    2000fe00    00000200     UNINITIALIZED
                  2000fe00    00000004     rtsv7M4_T_le_v4SPD16_eabi.lib : boot_cortex_m.c.obj (.stack)
                  2000fe04    000001fc     --HOLE--

MODULE SUMMARY

       Module                        code   ro data   rw data
       ------                        ----   -------   -------
    .\
       OS.obj                        530    0         7280   
       Kernel.obj                    164    0         8      
       system_msp432p401r.obj        120    0         0      
       OSasm.obj                     76     0         0      
       Threads.obj                   58     0         0      
       ThreadLocks.obj               52     0         0      
    +--+-----------------------------+------+---------+---------+
       Total:                        1000   0         7288   
                                                             
    .\ccs\
       startup_msp432p401r_ccs.obj   14     228       0      
    +--+-----------------------------+------+---------+---------+
       Total:                        14     228       0      
                                                             
    C:\ti\ccs920\ccs\tools\compiler\ti-cgt-arm_18.12.6.LTS\lib\rtsv7M4_T_le_v4SPD16_eabi.lib
       memcpy_t2.asm.obj             156    0         0      
       memset_t2.asm.obj             122    0         0      
       copy_decompress_lzss.c.obj    104    0         0      
       autoinit.c.obj                68     0         0      
       boot_cortex_m.c.obj           52     0         0      
       copy_decompress_none.c.obj    14     0         0      
       copy_zero_init.c.obj          12     0         0      
       exit.c.obj                    4      0         0      
       pre_init.c.obj                4      0         0      
    +--+-----------------------------+------+---------+---------+
       Total:                        536    0         0      
                                                             
       Stack:                        0      0         1024   
       Linker Generated:             0      51        0      
    +--+-----------------------------+------+---------+---------+
       Grand Total:                  1550   279       8312   


LINKER GENERATED COPY TABLES

__TI_cinit_table @ 00000720 records: 2, size/record: 8, table size: 16
	.data: load addr=000006f8, load size=0000000f bytes, run addr=20000e30, run size=0000000c bytes, compression=lzss
	.bss: load addr=00000718, load size=00000008 bytes, run addr=20000000, run size=00000e30 bytes, compression=zero_init


LINKER GENERATED HANDLER TABLE

__TI_handler_table @ 00000708 records: 3, size/record: 4, table size: 12
	index: 0, handler: __TI_decompress_lzss
	index: 1, handler: __TI_decompress_none
	index: 2, handler: __TI_zero_init


GLOBAL SYMBOLS: SORTED ALPHABETICALLY BY Name 

address   name                          
-------   ----                          
000003ab  ADC14_IRQHandler              
000003ab  AES256_IRQHandler             
000003ab  BusFault_Handler              
000006ed  C$$EXIT                       
000003ab  COMP_E0_IRQHandler            
000003ab  COMP_E1_IRQHandler            
000003ab  CS_IRQHandler                 
000003ab  DMA_ERR_IRQHandler            
000003ab  DMA_INT0_IRQHandler           
000003ab  DMA_INT1_IRQHandler           
000003ab  DMA_INT2_IRQHandler           
000003ab  DMA_INT3_IRQHandler           
000003ab  DebugMon_Handler              
000003ab  Default_Handler               
000003ab  EUSCIA0_IRQHandler            
000003ab  EUSCIA1_IRQHandler            
000003ab  EUSCIA2_IRQHandler            
000003ab  EUSCIA3_IRQHandler            
000003ab  EUSCIB0_IRQHandler            
000003ab  EUSCIB1_IRQHandler            
000003ab  EUSCIB2_IRQHandler            
000003ab  EUSCIB3_IRQHandler            
000006e1  EndCritical                   
000003ab  FLCTL_IRQHandler              
000003ab  FPU_IRQHandler                
00000425  GPIO_Init                     
000003ab  HardFault_Handler             
00000591  Lock_Acquire                  
000005b5  Lock_Init                     
000005bd  Lock_Release                  
000003ab  MemManage_Handler             
000003ab  NMI_Handler                   
000002b1  OS_AddThreads                 
00000501  OS_DisableInterrupts          
00000505  OS_EnableInterrupts           
00000629  OS_Init                       
00000655  OS_Launch                     
000003ab  PCM_IRQHandler                
000003ab  PORT1_IRQHandler              
000003ab  PORT2_IRQHandler              
000003ab  PORT3_IRQHandler              
000003ab  PORT4_IRQHandler              
000003ab  PORT5_IRQHandler              
000003ab  PORT6_IRQHandler              
000003ab  PSS_IRQHandler                
000003ab  PendSV_Handler                
20000e28  RGB_Lock                      
000003ab  RTC_C_IRQHandler              
000006bf  Reset_Handler                 
20000e2c  RunPt                         
000003ab  SVC_Handler                   
000006d7  StartCritical                 
0000052d  StartOS                       
0000050d  SysTick_Handler               
0000050d  SysTick_Handler               
000003ad  SystemInit                    
000003ab  T32_INT1_IRQHandler           
000003ab  T32_INT2_IRQHandler           
000003ab  T32_INTC_IRQHandler           
000003ab  TA0_0_IRQHandler              
000003ab  TA0_N_IRQHandler              
000003ab  TA1_0_IRQHandler              
000003ab  TA1_N_IRQHandler              
000003ab  TA2_0_IRQHandler              
000003ab  TA2_N_IRQHandler              
000003ab  TA3_0_IRQHandler              
000003ab  TA3_N_IRQHandler              
00000679  Thread0                       
00000695  Thread1                       
000006f1  Thread2                       
000003ab  UsageFault_Handler            
4000480c  WDTCTL_SYM                    
000003ab  WDT_A_IRQHandler              
20010000  __STACK_END                   
00000200  __STACK_SIZE                  
00000720  __TI_CINIT_Base               
00000730  __TI_CINIT_Limit              
00000708  __TI_Handler_Table_Base       
00000714  __TI_Handler_Table_Limit      
0000054d  __TI_auto_init_nobinit_nopinit
00000499  __TI_decompress_lzss          
000006b1  __TI_decompress_none          
ffffffff  __TI_pprof_out_hndl           
ffffffff  __TI_prof_data_size           
ffffffff  __TI_prof_data_start          
00000000  __TI_static_base__            
000006cb  __TI_zero_init                
00000331  __aeabi_memclr                
00000331  __aeabi_memclr4               
00000331  __aeabi_memclr8               
00000215  __aeabi_memcpy                
00000215  __aeabi_memcpy4               
00000215  __aeabi_memcpy8               
00000333  __aeabi_memset                
00000333  __aeabi_memset4               
00000333  __aeabi_memset8               
ffffffff  __binit__                     
ffffffff  __c_args__                    
UNDEFED   __mpu_init                    
2000fe00  __stack                       
000005c5  _c_int00_noargs               
UNDEFED   _system_post_cinit            
000006e9  _system_pre_init              
000006ed  abort                         
ffffffff  binit                         
00000000  interruptVectors              
000005f9  main                          
00000215  memcpy                        
00000339  memset                        


GLOBAL SYMBOLS: SORTED BY Symbol Address 

address   name                          
-------   ----                          
00000000  __TI_static_base__            
00000000  interruptVectors              
00000200  __STACK_SIZE                  
00000215  __aeabi_memcpy                
00000215  __aeabi_memcpy4               
00000215  __aeabi_memcpy8               
00000215  memcpy                        
000002b1  OS_AddThreads                 
00000331  __aeabi_memclr                
00000331  __aeabi_memclr4               
00000331  __aeabi_memclr8               
00000333  __aeabi_memset                
00000333  __aeabi_memset4               
00000333  __aeabi_memset8               
00000339  memset                        
000003ab  ADC14_IRQHandler              
000003ab  AES256_IRQHandler             
000003ab  BusFault_Handler              
000003ab  COMP_E0_IRQHandler            
000003ab  COMP_E1_IRQHandler            
000003ab  CS_IRQHandler                 
000003ab  DMA_ERR_IRQHandler            
000003ab  DMA_INT0_IRQHandler           
000003ab  DMA_INT1_IRQHandler           
000003ab  DMA_INT2_IRQHandler           
000003ab  DMA_INT3_IRQHandler           
000003ab  DebugMon_Handler              
000003ab  Default_Handler               
000003ab  EUSCIA0_IRQHandler            
000003ab  EUSCIA1_IRQHandler            
000003ab  EUSCIA2_IRQHandler            
000003ab  EUSCIA3_IRQHandler            
000003ab  EUSCIB0_IRQHandler            
000003ab  EUSCIB1_IRQHandler            
000003ab  EUSCIB2_IRQHandler            
000003ab  EUSCIB3_IRQHandler            
000003ab  FLCTL_IRQHandler              
000003ab  FPU_IRQHandler                
000003ab  HardFault_Handler             
000003ab  MemManage_Handler             
000003ab  NMI_Handler                   
000003ab  PCM_IRQHandler                
000003ab  PORT1_IRQHandler              
000003ab  PORT2_IRQHandler              
000003ab  PORT3_IRQHandler              
000003ab  PORT4_IRQHandler              
000003ab  PORT5_IRQHandler              
000003ab  PORT6_IRQHandler              
000003ab  PSS_IRQHandler                
000003ab  PendSV_Handler                
000003ab  RTC_C_IRQHandler              
000003ab  SVC_Handler                   
000003ab  T32_INT1_IRQHandler           
000003ab  T32_INT2_IRQHandler           
000003ab  T32_INTC_IRQHandler           
000003ab  TA0_0_IRQHandler              
000003ab  TA0_N_IRQHandler              
000003ab  TA1_0_IRQHandler              
000003ab  TA1_N_IRQHandler              
000003ab  TA2_0_IRQHandler              
000003ab  TA2_N_IRQHandler              
000003ab  TA3_0_IRQHandler              
000003ab  TA3_N_IRQHandler              
000003ab  UsageFault_Handler            
000003ab  WDT_A_IRQHandler              
000003ad  SystemInit                    
00000425  GPIO_Init                     
00000499  __TI_decompress_lzss          
00000501  OS_DisableInterrupts          
00000505  OS_EnableInterrupts           
0000050d  SysTick_Handler               
0000050d  SysTick_Handler               
0000052d  StartOS                       
0000054d  __TI_auto_init_nobinit_nopinit
00000591  Lock_Acquire                  
000005b5  Lock_Init                     
000005bd  Lock_Release                  
000005c5  _c_int00_noargs               
000005f9  main                          
00000629  OS_Init                       
00000655  OS_Launch                     
00000679  Thread0                       
00000695  Thread1                       
000006b1  __TI_decompress_none          
000006bf  Reset_Handler                 
000006cb  __TI_zero_init                
000006d7  StartCritical                 
000006e1  EndCritical                   
000006e9  _system_pre_init              
000006ed  C$$EXIT                       
000006ed  abort                         
000006f1  Thread2                       
00000708  __TI_Handler_Table_Base       
00000714  __TI_Handler_Table_Limit      
00000720  __TI_CINIT_Base               
00000730  __TI_CINIT_Limit              
20000e28  RGB_Lock                      
20000e2c  RunPt                         
2000fe00  __stack                       
20010000  __STACK_END                   
4000480c  WDTCTL_SYM                    
ffffffff  __TI_pprof_out_hndl           
ffffffff  __TI_prof_data_size           
ffffffff  __TI_prof_data_start          
ffffffff  __binit__                     
ffffffff  __c_args__                    
ffffffff  binit                         
UNDEFED   __mpu_init                    
UNDEFED   _system_post_cinit            

[109 symbols]
